################################################################################################ 
# Adapt settings in map file <tt>pmapper_demo.map</tt> for the following tags to match settings
# on your machine (see additionally MapServer documentation for detailed information):
#
#  MAP
#    SHAPEPATH 
#    FONTSET
#    SYMBOLSET
#  
#  WEB
#    IMAGEPATH  
#    IMAGEURL    
#
##################################################################################################

#
# Start of map file  
#
MAP
EXTENT  4386442 2837940 5045600 3123130
 
UNITS meters
#EXTENT -15 30 40 70
#UNITS dd
SIZE 600 500
SHAPEPATH "../../../pmapper_demodata"
SYMBOLSET "../common/symbols/symbols-pmapper.sym"   
FONTSET "../common/fonts/msfontset.txt" 
RESOLUTION 96
IMAGETYPE png
INTERLACE OFF
#CONFIG "PROJ_LIB" "C:/proj/nad/"
PROJECTION
  #ETRS-LAEA
  "init=epsg:3035"
  #"+proj=laea +lat_0=52 +lon_0=10 +x_0=4321000 +y_0=3210000 +ellps=GRS80 +units=m +no_defs  no_defs"
END  

  

#
# Start of web interface definition
#
WEB
  TEMPLATE "map.html"
  IMAGEPATH "C:/Program Files/ms4w/tmp/ms_tmp/"
  IMAGEURL "/ms_tmp/"
  METADATA
    #"MAPFILE_ENCODING" "ISO-8859-1" 
    #"ows_title"     "WMS Demo Server"  
    #"ows_onlineresource" "http://wms.yourserver.org?owskey=test&"   
    #"ows_srs"       "EPSG:3035 EPSG:4326"  
  END  # Metadata
END  # Web

#
# Start of Reference map definition
#
REFERENCE
  EXTENT 1496247 1332616 7055632 5502154 #2200000 1400000 8000000 5400000
  IMAGE "../../images/reference.png"
  SIZE 199 149
  COLOR -1 -1 -1
  OUTLINECOLOR 255 0 0
END  # Reference


#
# Start of legend object
#
LEGEND
	STATUS OFF
	IMAGECOLOR -1 -1 -1
#	OUTLINECOLOR 0 0 0
	POSITION ll
	KEYSIZE 18 12
	KEYSPACING 10 5 
	TEMPLATE "void"
	LABEL
		TYPE TRUETYPE
		FONT "FreeSans"
		SIZE small
		POSITION AUTO
		COLOR 0 0 89
		OUTLINECOLOR 255 255 255
		ANTIALIAS TRUE
	END
END

#
# Start of ScaleBar definition
#
SCALEBAR
  STATUS off
  TRANSPARENT off
  INTERVALS 4
  SIZE 200 3
  UNITS kilometers
  COLOR 250 250 250
  OUTLINECOLOR 0 0 0
  BACKGROUNDCOLOR 100 100 100
  STYLE 0
  POSTLABELCACHE true
  LABEL
    COLOR 0 0 90
    #OUTLINECOLOR 200 200 200
    SIZE small
  END  # Label
END  # Reference



# SYMBOLS USED IN PMAPPER
# - 'circle' always necessary (used e.g. for highlight)
# - 'square' used in currecnt map file
# Symbols can also be defined via tag SYMBOLSET (see above)
Symbol
  Name 'circle'
  Type ELLIPSE
  Filled TRUE
  Points
    1 1
  END
END 

Symbol
  Name 'square'
  Type VECTOR
  Filled TRUE
  Points
    0 1
    0 0
    1 0
    1 1
    0 1
  END
END


#================== START OF LAYER SECTION =====================#


  LAYER
    CONNECTION "http://129.206.228.72/cached/osm?"
    CONNECTIONTYPE WMS
    EXTENT -180 -85.0511287798 180 85.0511287798
    METADATA
      "ows_include_items"	"all"
      "ows_name"	"osm_auto:all"
      "ows_extent"	"-180.0 -85.0511287798 180.0 85.0511287798"
      "ows_srs"	"EPSG:4326"
      "ows_title"	"OSM WMS - osm-wms.de"
      "wms_format"	"image/png"
      "wms_getfeatureinfo_formatlist"	"OGRGML"
      "wms_bbox_extended"	"true"
      "wms_server_version"	"1.1.1"
      "gml_include_items"	"all"
    END # METADATA
    NAME "OpenStreetMaps"
    PROJECTION
      "proj=longlat"
      "datum=WGS84"
      "no_defs"
    END # PROJECTION
    STATUS ON
    TILEITEM "location"
    TYPE RASTER
	TRANSPARENCY 100
    UNITS METERS
  END # LAYER

#
# Start of Layer Group cat_admin
#

LAYER
  NAME "hranice_stat"
  TYPE line
  DATA "hranice_stat"
  STATUS ON
  TRANSPARENCY 30
  TEMPLATE void
  PROJECTION
    #"init=epsg:4326"
    "+proj=longlat +ellps=WGS84 +datum=WGS84 +no_defs  no_defs"
  END
  METADATA
    "DESCRIPTION"         "stat"
  END
  CLASS
    Name 'hranice'
    COLOR 0 0 0
    OUTLINECOLOR 195 130 155
  END  # Class
END  # Layer

LAYER
  NAME "hranice_kraj"
  TYPE line
  DATA "hranice_kraj"
  STATUS ON
  TRANSPARENCY 50
  TEMPLATE void
  PROJECTION
    #"init=epsg:4326"
    "+proj=longlat +ellps=WGS84 +datum=WGS84 +no_defs  no_defs"
  END 
  METADATA
    "DESCRIPTION"         "kraje"
  END
  CLASS
    Name 'hranice'
    COLOR 0 0 0
    OUTLINECOLOR 251 154 153
  END  # Class
END  # Layer

LAYER
  NAME "policajne_okrsky"
  TYPE line
  DATA "policajne_okrsky"
  STATUS ON
  TRANSPARENCY 50
  TEMPLATE void
  TOLERANCE 2
  TOLERANCEUNITS pixels
  PROJECTION
    #"init=epsg:4326"
    "+proj=longlat +ellps=WGS84 +datum=WGS84 +no_defs  no_defs"
  END 
  METADATA
    "DESCRIPTION"         "policejni okrsky"
	"RESULT_FIELDS" 	  "IDSLUZ,OBEC"
	"RESULT_HEADERS" 	  "identifikator,obec"
  END
  CLASS
    Name 'hranice'
    COLOR 0 0 0
    OUTLINECOLOR 227 26 28
  END  # Class
END  # Layer

#
# Start of Layer Group cat_obyvatele
#

  LAYER
    DATA "raster.tif"
    EXTENT 12.155731223351 49.513850499133 15.615731223351 51.048850499133
    METADATA
      "ows_include_items"	"all"
      "ows_extent"	"12.1557312234 49.5138504991 15.6157312234 51.0488504991"
      "ows_srs"	"EPSG:4326"
      "ows_title"	"raster"
      "wms_getfeatureinfo_formatlist"	"OGRGML"
      "wms_bbox_extended"	"true"
      "gml_include_items"	"all"
    END # METADATA
    NAME "raster"
    PROJECTION
      "proj=longlat"
      "datum=WGS84"
      "no_defs"
    END # PROJECTION
    STATUS ON
	TRANSPARENCY 40
    TILEITEM "location"
    TYPE RASTER
    UNITS METERS
	CLASSITEM "[pixel]"
  # class using simple string comparison, equivalent to ([pixel] = 0)

  # class using an EXPRESSION using only [pixel].
  CLASS
    EXPRESSION ([pixel] = 1)
    STYLE
      COLOR 0 97 0
    END
  END
  CLASS
    EXPRESSION ([pixel] = 2)
    STYLE
      COLOR 0 97 0
    END
  END
  CLASS
    EXPRESSION ([pixel] = 3)
    STYLE
      COLOR 0 97 0
    END
  END
  CLASS
    EXPRESSION ([pixel] = 4)
    STYLE
      COLOR 0 97 0
    END
  END
  CLASS
    EXPRESSION ([pixel] = 5)
    STYLE
      COLOR 0 97 0
    END
  END
  # class using an EXPRESSION using only [pixel].
  CLASS
    EXPRESSION ([pixel] = 6)
    STYLE
      COLOR 164 196 0
    END
  END
  CLASS
    EXPRESSION ([pixel] = 7)
    STYLE
      COLOR 164 196 0
    END
  END
  CLASS
    EXPRESSION ([pixel] = 8)
    STYLE
      COLOR 164 196 0
    END
  END
  CLASS
    EXPRESSION ([pixel] = 9)
    STYLE
      COLOR 164 196 0
    END
  END
  CLASS
    EXPRESSION ([pixel] = 10)
    STYLE
      COLOR 164 196 0
    END
  END
  CLASS
    EXPRESSION ([pixel] = 11)
    STYLE
      COLOR 255 187 0
    END
  END
  CLASS
    EXPRESSION ([pixel] = 12)
    STYLE
      COLOR 255 187 0
    END
  END
  CLASS
    EXPRESSION ([pixel] = 13)
    STYLE
      COLOR 255 187 0
    END
  END
  CLASS
    EXPRESSION ([pixel] = 14)
    STYLE
      COLOR 255 187 0
    END
  END
  CLASS
    EXPRESSION ([pixel] = 15)
    STYLE
      COLOR 255 187 0
    END
  END
  CLASS
    EXPRESSION ([pixel] = 255)
    STYLE
	  COLOR -1 -1 -1
    END
  END
  CLASS
    EXPRESSION ([pixel] > 15)
    STYLE
      COLOR 255 38 0
    END
  END    
  END # LAYER
	
  

LAYER
  NAME "tecky"
  TYPE point
  DATA "tecky"
  STATUS ON
  TRANSPARENCY 50
  TEMPLATE void
  TOLERANCE 2
  TOLERANCEUNITS pixels
  PROJECTION
    #"init=epsg:4326"
    "+proj=longlat +ellps=WGS84 +datum=WGS84 +no_defs  no_defs"
  END 
  METADATA
    "DESCRIPTION"         "pocet obyvatel"
  END
  CLASS
    Name '100 obyvatel'
	COLOR 0 0 0
	SYMBOL 'circle'
	SIZE 2	
  END  # Class
END  # Layer

END  #Map